[2025-11-20 22:17:28] EmailSender inicializado - Host: mail.optimusposec.com, Port: 465, SSL: True, TLS: True
[2025-11-20 22:17:28] Enviando correo a ['joel.darguello@gmail.com'] - Asunto: Factura electrónica – 001-001-000000004
[2025-11-20 22:17:28] Conectando con SMTP_SSL a mail.optimusposec.com:465
[2025-11-20 22:17:30] Autenticando como facturas@optimusposec.com
[2025-11-20 22:17:30] Enviando mensaje SMTP
[2025-11-20 22:17:31] ✓ Correo enviado exitosamente a ['joel.darguello@gmail.com']
[2025-11-20 22:17:31] Conexión SMTP cerrada
[2025-11-20 22:17:31] Intentando guardar en bandeja de salida - IMAP Host: imap.optimusposec.com
[2025-11-20 22:17:31] Conectando a IMAP SSL
[2025-11-20 22:17:32] Autenticando IMAP como facturas@optimusposec.com
[2025-11-20 22:17:32] Listando carpetas disponibles
[2025-11-20 22:17:32] Carpetas encontradas: ., ., ., ., .
[2025-11-20 22:17:32] Creando carpeta 'Sent'
[2025-11-20 22:17:32] Guardando mensaje en carpeta: Sent
[2025-11-20 22:17:33] ✓ Mensaje guardado exitosamente en Sent
[2025-11-20 22:19:24] EmailSender inicializado - Host: mail.optimusposec.com, Port: 465, SSL: True, TLS: True
[2025-11-20 22:19:24] Enviando correo a ['joel.darguello@gmail.com'] - Asunto: Factura electrónica – 001-001-000000005
[2025-11-20 22:19:24] Conectando con SMTP_SSL a mail.optimusposec.com:465
[2025-11-20 22:19:27] Autenticando como facturas@optimusposec.com
[2025-11-20 22:19:27] Enviando mensaje SMTP
[2025-11-20 22:19:28] ✓ Correo enviado exitosamente a ['joel.darguello@gmail.com']
[2025-11-20 22:19:28] Conexión SMTP cerrada
[2025-11-20 22:19:28] Intentando guardar en bandeja de salida - IMAP Host: imap.optimusposec.com
[2025-11-20 22:19:28] Conectando a IMAP SSL
[2025-11-20 22:19:29] Autenticando IMAP como facturas@optimusposec.com
[2025-11-20 22:19:29] Listando carpetas disponibles
[2025-11-20 22:19:29] Carpetas encontradas: ., ., ., ., .
[2025-11-20 22:19:29] Creando carpeta 'Sent'
[2025-11-20 22:19:29] Guardando mensaje en carpeta: Sent
[2025-11-20 22:19:30] ✓ Mensaje guardado exitosamente en Sent
[2025-11-20 22:22:17] EmailSender inicializado - Host: mail.optimusposec.com, Port: 465, SSL: True, TLS: True
[2025-11-20 22:22:17] Enviando correo a ['joel.darguello@gmail.com'] - Asunto: Factura electrónica – 001-001-000000006
[2025-11-20 22:22:17] Conectando con SMTP_SSL a mail.optimusposec.com:465
[2025-11-20 22:22:19] Autenticando como facturas@optimusposec.com
[2025-11-20 22:22:19] Enviando mensaje SMTP
[2025-11-20 22:22:21] ✓ Correo enviado exitosamente a ['joel.darguello@gmail.com']
[2025-11-20 22:22:21] Conexión SMTP cerrada
[2025-11-20 22:22:21] Intentando guardar en bandeja de salida - IMAP Host: imap.optimusposec.com
[2025-11-20 22:22:21] Conectando a IMAP SSL
[2025-11-20 22:22:22] Autenticando IMAP como facturas@optimusposec.com
[2025-11-20 22:22:22] Listando carpetas disponibles
[2025-11-20 22:22:22] Carpetas encontradas: ., ., ., ., .
[2025-11-20 22:22:22] Creando carpeta 'Sent'
[2025-11-20 22:22:22] Guardando mensaje en carpeta: Sent
[2025-11-20 22:22:23] ✓ Mensaje guardado exitosamente en Sent
[2025-11-20 22:22:45] EmailSender inicializado - Host: mail.optimusposec.com, Port: 465, SSL: True, TLS: True
[2025-11-20 22:22:45] Enviando correo a ['joel.darguello@gmail.com'] - Asunto: Factura electrónica – 001-001-000000007
[2025-11-20 22:22:45] Conectando con SMTP_SSL a mail.optimusposec.com:465
[2025-11-20 22:22:47] Autenticando como facturas@optimusposec.com
[2025-11-20 22:22:47] Enviando mensaje SMTP
[2025-11-20 22:22:48] ✓ Correo enviado exitosamente a ['joel.darguello@gmail.com']
[2025-11-20 22:22:48] Conexión SMTP cerrada
[2025-11-20 22:22:48] Intentando guardar en bandeja de salida - IMAP Host: imap.optimusposec.com
[2025-11-20 22:22:48] Conectando a IMAP SSL
[2025-11-20 22:22:49] Autenticando IMAP como facturas@optimusposec.com
[2025-11-20 22:22:49] Listando carpetas disponibles
[2025-11-20 22:22:49] Carpetas encontradas: ., ., ., ., .
[2025-11-20 22:22:49] Creando carpeta 'Sent'
[2025-11-20 22:22:49] Guardando mensaje en carpeta: Sent
[2025-11-20 22:22:50] ✓ Mensaje guardado exitosamente en Sent
[2025-11-20 22:28:05] EmailSender inicializado - Host: mail.optimusposec.com, Port: 465, SSL: True, TLS: True
[2025-11-20 22:28:05] Enviando correo a ['joel.darguello@gmail.com'] - Asunto: Factura electrónica – 001-001-000000002
[2025-11-20 22:28:05] Conectando con SMTP_SSL a mail.optimusposec.com:465
[2025-11-20 22:28:07] Autenticando como facturas@optimusposec.com
[2025-11-20 22:28:07] Enviando mensaje SMTP
[2025-11-20 22:28:09] ✓ Correo enviado exitosamente a ['joel.darguello@gmail.com']
[2025-11-20 22:28:09] Conexión SMTP cerrada
[2025-11-20 22:28:09] Intentando guardar en bandeja de salida - IMAP Host: imap.optimusposec.com
[2025-11-20 22:28:09] Conectando a IMAP SSL
[2025-11-20 22:28:09] Autenticando IMAP como facturas@optimusposec.com
[2025-11-20 22:28:10] Listando carpetas disponibles
[2025-11-20 22:28:10] Carpetas encontradas: ., ., ., ., .
[2025-11-20 22:28:10] Creando carpeta 'Sent'
[2025-11-20 22:28:10] Guardando mensaje en carpeta: Sent
[2025-11-20 22:28:11] ✓ Mensaje guardado exitosamente en Sent
[2025-12-06 20:09:15] EmailSender inicializado - Host: mail.optimusposec.com, Port: 465, SSL: False, TLS: True
[2025-12-06 20:09:15] Enviando correo a ['joel.darguello@gmail.com'] - Asunto: Plan Enterprise activado - Facturador SRI
[2025-12-06 20:09:15] Conectando con SMTP a mail.optimusposec.com:465
[2025-12-06 20:14:12] EmailSender inicializado - Host: mail.optimusposec.com, Port: 465, SSL: False, TLS: True
[2025-12-06 20:14:12] Enviando correo a ['joel.darguello@gmail.com'] - Asunto: Factura electrónica – 001-001-000000002
[2025-12-06 20:14:12] Conectando con SMTP a mail.optimusposec.com:465
[2025-12-06 20:14:20] ✗ ERROR al enviar correo: Connection unexpectedly closed
[2025-12-06 20:23:32] EmailSender inicializado - Host: mail.optimusposec.com, Port: 465, SSL: False, TLS: True
[2025-12-06 20:23:32] Enviando correo a ['joel.darguello@gmail.com'] - Asunto: Factura electrónica – 001-001-000000016
[2025-12-06 20:23:32] Conectando con SMTP a mail.optimusposec.com:465
[2025-12-06 20:28:42] ✗ ERROR al enviar correo: Connection unexpectedly closed
[2025-12-06 20:30:49] EmailSender inicializado - Host: mail.optimusposec.com, Port: 465, SSL: True, TLS: False
[2025-12-06 20:30:49] Enviando correo a ['joel.darguello@gmail.com'] - Asunto: Factura electrónica – 001-001-000000016
[2025-12-06 20:30:49] Conectando con SMTP_SSL a mail.optimusposec.com:465
[2025-12-06 20:30:59] Autenticando como facturas@optimusposec.com
[2025-12-06 20:30:59] Enviando mensaje SMTP
[2025-12-06 20:31:00] ✓ Correo enviado exitosamente a ['joel.darguello@gmail.com']
[2025-12-06 20:31:00] Conexión SMTP cerrada
[2025-12-06 20:31:00] Intentando guardar en bandeja de salida - IMAP Host: imap.optimusposec.com
[2025-12-06 20:31:00] Conectando a IMAP SSL
[2025-12-06 20:31:01] Autenticando IMAP como facturas@optimusposec.com
[2025-12-06 20:31:01] Listando carpetas disponibles
[2025-12-06 20:31:01] Carpetas encontradas: ., ., ., ., .
[2025-12-06 20:31:01] Creando carpeta 'Sent'
[2025-12-06 20:31:02] Guardando mensaje en carpeta: Sent
[2025-12-06 20:31:02] ✓ Mensaje guardado exitosamente en Sent
[2025-12-06 21:36:46] EmailSender inicializado - Host: mail.optimusposec.com, Port: 465, SSL: True, TLS: False
[2025-12-06 21:36:46] Enviando correo a ['joel.darguello@gmail.com'] - Asunto: Factura electrónica – 001-001-000000017
[2025-12-06 21:36:46] Conectando con SMTP_SSL a mail.optimusposec.com:465
[2025-12-06 21:36:51] Autenticando como facturas@optimusposec.com
[2025-12-06 21:36:52] Enviando mensaje SMTP
[2025-12-06 21:36:53] ✓ Correo enviado exitosamente a ['joel.darguello@gmail.com']
[2025-12-06 21:36:53] Conexión SMTP cerrada
[2025-12-06 21:36:53] Intentando guardar en bandeja de salida - IMAP Host: imap.optimusposec.com
[2025-12-06 21:36:53] Conectando a IMAP SSL
[2025-12-06 21:36:54] Autenticando IMAP como facturas@optimusposec.com
[2025-12-06 21:36:54] Listando carpetas disponibles
[2025-12-06 21:36:54] Carpetas encontradas: ., ., ., ., .
[2025-12-06 21:36:54] Creando carpeta 'Sent'
[2025-12-06 21:36:54] Guardando mensaje en carpeta: Sent
[2025-12-06 21:36:55] ✓ Mensaje guardado exitosamente en Sent
[2025-12-06 21:38:15] EmailSender inicializado - Host: mail.optimusposec.com, Port: 465, SSL: True, TLS: False
[2025-12-06 21:38:15] Enviando correo a ['joel.darguello@gmail.com'] - Asunto: Factura electrónica – 001-001-000000018
[2025-12-06 21:38:15] Conectando con SMTP_SSL a mail.optimusposec.com:465
[2025-12-06 21:38:26] Autenticando como facturas@optimusposec.com
[2025-12-06 21:38:26] Enviando mensaje SMTP
[2025-12-06 21:38:27] ✓ Correo enviado exitosamente a ['joel.darguello@gmail.com']
[2025-12-06 21:38:27] Conexión SMTP cerrada
[2025-12-06 21:38:27] Intentando guardar en bandeja de salida - IMAP Host: imap.optimusposec.com
[2025-12-06 21:38:27] Conectando a IMAP SSL
[2025-12-06 21:38:28] Autenticando IMAP como facturas@optimusposec.com
[2025-12-06 21:38:28] Listando carpetas disponibles
[2025-12-06 21:38:28] Carpetas encontradas: ., ., ., ., .
[2025-12-06 21:38:28] Creando carpeta 'Sent'
[2025-12-06 21:38:28] Guardando mensaje en carpeta: Sent
[2025-12-06 21:38:29] ✓ Mensaje guardado exitosamente en Sent
[2025-12-06 21:39:09] EmailSender inicializado - Host: mail.optimusposec.com, Port: 465, SSL: True, TLS: False
[2025-12-06 21:39:09] Enviando correo a ['joel.darguello@gmail.com'] - Asunto: Factura electrónica – 001-001-000000019
[2025-12-06 21:39:09] Conectando con SMTP_SSL a mail.optimusposec.com:465
[2025-12-06 21:39:20] Autenticando como facturas@optimusposec.com
[2025-12-06 21:39:20] Enviando mensaje SMTP
[2025-12-06 21:39:21] ✓ Correo enviado exitosamente a ['joel.darguello@gmail.com']
[2025-12-06 21:39:21] Conexión SMTP cerrada
[2025-12-06 21:39:21] Intentando guardar en bandeja de salida - IMAP Host: imap.optimusposec.com
[2025-12-06 21:39:21] Conectando a IMAP SSL
[2025-12-06 21:39:22] Autenticando IMAP como facturas@optimusposec.com
[2025-12-06 21:39:22] Listando carpetas disponibles
[2025-12-06 21:39:22] Carpetas encontradas: ., ., ., ., .
[2025-12-06 21:39:22] Creando carpeta 'Sent'
[2025-12-06 21:39:23] Guardando mensaje en carpeta: Sent
[2025-12-06 21:39:23] ✓ Mensaje guardado exitosamente en Sent
[2025-12-08 19:53:48] EmailSender inicializado - Host: mail.optimusposec.com, Port: 465, SSL: True, TLS: False
[2025-12-08 19:53:48] Enviando correo a ['joel.darguello@gmail.com'] - Asunto: Plan Pro activado - Facturador SRI
[2025-12-08 19:53:48] Conectando con SMTP_SSL a mail.optimusposec.com:465
[2025-12-08 19:53:52] Autenticando como facturas@optimusposec.com
[2025-12-08 19:53:52] Enviando mensaje SMTP
[2025-12-08 19:53:53] ✓ Correo enviado exitosamente a ['joel.darguello@gmail.com']
[2025-12-08 19:53:53] Conexión SMTP cerrada
[2025-12-08 19:53:53] Intentando guardar en bandeja de salida - IMAP Host: imap.optimusposec.com
[2025-12-08 19:53:53] Conectando a IMAP SSL
[2025-12-08 19:53:54] Autenticando IMAP como facturas@optimusposec.com
[2025-12-08 19:53:54] Listando carpetas disponibles
[2025-12-08 19:53:54] Carpetas encontradas: ., ., ., ., .
[2025-12-08 19:53:54] Creando carpeta 'Sent'
[2025-12-08 19:53:54] Guardando mensaje en carpeta: Sent
[2025-12-08 19:53:55] ✓ Mensaje guardado exitosamente en Sent
[2025-12-08 20:11:59] EmailSender inicializado - Host: mail.optimusposec.com, Port: 465, SSL: True, TLS: False
[2025-12-08 20:11:59] Enviando correo a ['joel.darguello@gmail.com'] - Asunto: Factura electrónica – 001-001-000000020
[2025-12-08 20:11:59] Conectando con SMTP_SSL a mail.optimusposec.com:465
[2025-12-08 20:12:02] Autenticando como facturas@optimusposec.com
[2025-12-08 20:12:02] Enviando mensaje SMTP
[2025-12-08 20:12:03] ✓ Correo enviado exitosamente a ['joel.darguello@gmail.com']
[2025-12-08 20:12:03] Conexión SMTP cerrada
[2025-12-08 20:12:03] Intentando guardar en bandeja de salida - IMAP Host: imap.optimusposec.com
[2025-12-08 20:12:03] Conectando a IMAP SSL
[2025-12-08 20:12:04] Autenticando IMAP como facturas@optimusposec.com
[2025-12-08 20:12:04] Listando carpetas disponibles
[2025-12-08 20:12:04] Carpetas encontradas: ., ., ., ., .
[2025-12-08 20:12:04] Creando carpeta 'Sent'
[2025-12-08 20:12:04] Guardando mensaje en carpeta: Sent
[2025-12-08 20:12:05] ✓ Mensaje guardado exitosamente en Sent
[2026-09-28 13:33:33] EmailSender inicializado - Host: mail.optimusposec.com, Port: 465, SSL: True, TLS: False
[2026-09-28 13:33:33] Enviando correo a ['joel.darguello@gmail.com'] - Asunto: Plan Enterprise activado - Facturador SRI
[2026-09-28 13:33:33] Conectando con SMTP_SSL a mail.optimusposec.com:465
[2026-09-28 13:33:36] Autenticando como facturas@optimusposec.com
[2026-09-28 13:33:36] Enviando mensaje SMTP
[2026-09-28 13:33:37] ✓ Correo enviado exitosamente a ['joel.darguello@gmail.com']
[2026-09-28 13:33:37] Conexión SMTP cerrada
[2026-09-28 13:33:37] Intentando guardar en bandeja de salida - IMAP Host: imap.optimusposec.com
[2026-09-28 13:33:37] Conectando a IMAP SSL
[2026-09-28 13:33:38] Autenticando IMAP como facturas@optimusposec.com
[2026-09-28 13:33:38] Listando carpetas disponibles
[2026-09-28 13:33:38] Carpetas encontradas: ., ., ., ., .
[2026-09-28 13:33:38] Creando carpeta 'Sent'
[2026-09-28 13:33:38] Guardando mensaje en carpeta: Sent
[2026-09-28 13:33:39] ✓ Mensaje guardado exitosamente en Sent
[2026-09-28 13:57:29] EmailSender inicializado - Host: mail.optimusposec.com, Port: 465, SSL: True, TLS: False
[2026-09-28 13:57:29] Enviando correo a ['joel.darguello@gmail.com'] - Asunto: Factura electrónica – 001-001-000000002
[2026-09-28 13:57:29] Conectando con SMTP_SSL a mail.optimusposec.com:465
[2026-09-28 13:57:32] Autenticando como facturas@optimusposec.com
[2026-09-28 13:57:32] Enviando mensaje SMTP
[2026-09-28 13:57:33] ✓ Correo enviado exitosamente a ['joel.darguello@gmail.com']
[2026-09-28 13:57:33] Conexión SMTP cerrada
[2026-09-28 13:57:33] Intentando guardar en bandeja de salida - IMAP Host: imap.optimusposec.com
[2026-09-28 13:57:33] Conectando a IMAP SSL
[2026-09-28 13:57:34] Autenticando IMAP como facturas@optimusposec.com
[2026-09-28 13:57:34] Listando carpetas disponibles
[2026-09-28 13:57:34] Carpetas encontradas: ., ., ., ., .
[2026-09-28 13:57:34] Creando carpeta 'Sent'
[2026-09-28 13:57:35] Guardando mensaje en carpeta: Sent
[2026-09-28 13:57:35] ✓ Mensaje guardado exitosamente en Sent
[2026-09-28 14:00:17] EmailSender inicializado - Host: mail.optimusposec.com, Port: 465, SSL: True, TLS: False
[2026-09-28 14:00:17] Enviando correo a ['joel.darguello@gmail.com'] - Asunto: Factura electrónica – 001-001-000000002
[2026-09-28 14:00:17] Conectando con SMTP_SSL a mail.optimusposec.com:465
[2026-09-28 14:00:19] Autenticando como facturas@optimusposec.com
[2026-09-28 14:00:19] Enviando mensaje SMTP
[2026-09-28 14:00:20] ✓ Correo enviado exitosamente a ['joel.darguello@gmail.com']
[2026-09-28 14:00:21] Conexión SMTP cerrada
[2026-09-28 14:00:21] Intentando guardar en bandeja de salida - IMAP Host: imap.optimusposec.com
[2026-09-28 14:00:21] Conectando a IMAP SSL
[2026-09-28 14:00:21] Autenticando IMAP como facturas@optimusposec.com
[2026-09-28 14:00:21] Listando carpetas disponibles
[2026-09-28 14:00:22] Carpetas encontradas: ., ., ., ., .
[2026-09-28 14:00:22] Creando carpeta 'Sent'
[2026-09-28 14:00:22] Guardando mensaje en carpeta: Sent
[2026-09-28 14:00:23] ✓ Mensaje guardado exitosamente en Sent
[2026-09-28 14:01:57] EmailSender inicializado - Host: mail.optimusposec.com, Port: 465, SSL: True, TLS: False
[2026-09-28 14:01:57] Enviando correo a ['joel.darguello@gmail.com'] - Asunto: Factura electrónica – 001-001-000000002
[2026-09-28 14:01:57] Conectando con SMTP_SSL a mail.optimusposec.com:465
[2026-09-28 14:01:59] Autenticando como facturas@optimusposec.com
[2026-09-28 14:01:59] Enviando mensaje SMTP
[2026-09-28 14:02:00] ✓ Correo enviado exitosamente a ['joel.darguello@gmail.com']
[2026-09-28 14:02:00] Conexión SMTP cerrada
[2026-09-28 14:02:00] Intentando guardar en bandeja de salida - IMAP Host: imap.optimusposec.com
[2026-09-28 14:02:00] Conectando a IMAP SSL
[2026-09-28 14:02:01] Autenticando IMAP como facturas@optimusposec.com
[2026-09-28 14:02:01] Listando carpetas disponibles
[2026-09-28 14:02:01] Carpetas encontradas: ., ., ., ., .
[2026-09-28 14:02:01] Creando carpeta 'Sent'
[2026-09-28 14:02:01] Guardando mensaje en carpeta: Sent
[2026-09-28 14:02:02] ✓ Mensaje guardado exitosamente en Sent
[2026-09-28 14:03:12] EmailSender inicializado - Host: mail.optimusposec.com, Port: 465, SSL: True, TLS: False
[2026-09-28 14:03:12] Enviando correo a ['joel.darguello@gmail.com'] - Asunto: Factura electrónica – 001-001-000000002
[2026-09-28 14:03:12] Conectando con SMTP_SSL a mail.optimusposec.com:465
[2026-09-28 14:03:14] Autenticando como facturas@optimusposec.com
[2026-09-28 14:03:15] Enviando mensaje SMTP
[2026-09-28 14:03:16] ✓ Correo enviado exitosamente a ['joel.darguello@gmail.com']
[2026-09-28 14:03:16] Conexión SMTP cerrada
[2026-09-28 14:03:16] Intentando guardar en bandeja de salida - IMAP Host: imap.optimusposec.com
[2026-09-28 14:03:16] Conectando a IMAP SSL
[2026-09-28 14:03:17] Autenticando IMAP como facturas@optimusposec.com
[2026-09-28 14:03:17] Listando carpetas disponibles
[2026-09-28 14:03:17] Carpetas encontradas: ., ., ., ., .
[2026-09-28 14:03:17] Creando carpeta 'Sent'
[2026-09-28 14:03:17] Guardando mensaje en carpeta: Sent
[2026-09-28 14:03:18] ✓ Mensaje guardado exitosamente en Sent
